
> getcalculation.com@0.1.0 build
> next build

npm : [baseline-browser-mapping] The data in this module is over two months old.  To ensure accurate Baseline data, please update: `npm 
i baseline-browser-mapping@latest -D`
At line:1 char:65
+ ... -ErrorAction SilentlyContinue ; npm run build 2>&1 > build_output.txt
+                                     ~~~~~~~~~~~~~~~~~~~~~~~~~~~~~~~~~~~~~
    + CategoryInfo          : NotSpecified: ([baseline-brows...ping@latest -D`:String) [], RemoteException
    + FullyQualifiedErrorId : NativeCommandError
 
   Γû▓ Next.js 16.0.7 (Turbopack)

   Creating an optimized production build ...
[baseline-browser-mapping] The data in this module is over two months old.  To ensure accurate Baseline data, please update: `npm i 
baseline-browser-mapping@latest -D`
